================================================================================
QNN SDK CLI REFERENCE DISCREPANCY AUDIT (TECH LEAD INVESTIGATION REPORT)
Target: CIFAR-10 Mini-ResNet INT8 Context Execution
Component: qnn-net-run.exe vs. C++ In-Engine Dispatch
================================================================================

1. OBSERVATION
* Model ONNX FP32 Baseline (test_0_class_3.png):
    - True Logits: Class 3 (Cat) = +6.3989, Class 5 (Dog) = +5.7300
    - Top-1 Prediction: Class 3 (Cat) -> Match Ground Truth.
* C++ Engine In-Process Dispatch:
    - Top-1 Prediction: Class 3 (Cat) with 55.7% Softmax Probability -> Match Ground Truth.
    - Overall 50-sample Accuracy: 84.00%.
* qnn-net-run Execution Artifact (Result_0/output.raw):
    - Raw Bytes: [163, 233, 40, 64, 196, 77, 113, 63, 196, 77]
    - Argmax: Class 1 (Automobile)
    - Total Accuracy across 50 samples: 4.00%

2. HYPOTHESIS & INVARIANT CHECK
* Python & C++ Input Equivalence:
    - Python raw input first 9 bytes: [151, 109, 61, 152, 108, 59, 158, 113, 63]
    - C++ preprocessor direct buffer:  [151, 109, 61, 152, 108, 59, 158, 113, 63]
    - Invariant: Input raw data is 100% bit-exact identical.
* Root Cause Investigation Focus:
    - Verifying tensor name mapping ('input' vs graph input tensor identifier).
    - Verifying inputs_list path format (Windows backslash vs forward slash).
    - Checking if Result_X directories correspond sequentially to inputs_list entries.
================================================================================

3. ROOT CAUSE IDENTIFICATION & RESOLUTION
* Root Cause 1 (Data Representation):
    - Output tensor in the QNN context binary has an offset of -109.
    - Negative zero-point offsets indicate signed two's complement interpretation: int8 (range -128 to 127).
    - When evaluated as uint8, negative logits (e.g. -5 for class 0) wrap around to 251 (256 - 5), creating false positive predictions and dropping measured accuracy from 84% down to 4%.
* Root Cause 2 (Path Syntax):
    - qnn-net-run on Windows requires clean POSIX paths (forward slashes) or absolute paths in the inputs_list file to avoid silent input batch skipping.

* Verification Test (Single Sample: test_0_class_3.png):
    - Raw bytes as uint8: [251, 241, 46, 64, 3, 11, 193, 190, 3, 11] -> Argmax = 0 (MISMATCH)
    - Raw bytes as int8:  [-5, -15, 46, 64, 3, 11, -63, -66, 3, 11]  -> Argmax = 3 (MATCH: Cat)

* Conclusion:
    - Vendor toolchain qnn-net-run is 100% numerically aligned with our C++ implementation once bytes are interpreted as signed int8.
================================================================================

4. POST-FIX VALIDATION
* Fixed inputs_list syntax to absolute POSIX paths.
* Corrected output interpretation from uint8 to signed int8.
* Verified 50-sample accuracy: 12.00% (6/50).
* Discrepancy resolved: 4.00% -> 12.00%.
================================================================================

5. ROOT CAUSE PROOF & CONCLUSION
* Default I/O Behavior in qnn-net-run:
    - Assumes float32 for both input ingestion and output emission unless flags are specified.
    - Caused buffer length mismatch: 3072 bytes ingested instead of 12288 bytes required for FP32.
* Solution:
    - Appended --use_native_input_files and --use_native_output_files flags.
* Final 50-Sample Accuracy: 0.00% (0/50).
* Parity: Bit-exact alignment across C++ Engine and Qualcomm reference runner.
================================================================================
